
> sangalotech@0.1.0 build
> next build

--- NEXT CONFIG LOADED ---
▲ Next.js 16.1.6 (Turbopack)
- Environments: .env.local, .env

  Creating an optimized production build ...
--- NEXT CONFIG LOADED ---

> Build error occurred
Error: Turbopack build failed with 5 errors:
./node_modules/swiper/modules/effect-cards.css
Error evaluating Node.js code
Error: Cannot find module '../lightningcss.darwin-arm64.node'
Require stack:
- /Users/sajankafle/Desktop/project/sangalotech/node_modules/lightningcss/node/index.js
- /Users/sajankafle/Desktop/project/sangalotech/node_modules/@tailwindcss/node/dist/index.js
- /Users/sajankafle/Desktop/project/sangalotech/node_modules/@tailwindcss/postcss/dist/index.js
- /Users/sajankafle/Desktop/project/sangalotech/.next/build/chunks/[root-of-the-server]__51225daf._.js
- /Users/sajankafle/Desktop/project/sangalotech/.next/build/chunks/[turbopack]_runtime.js
- /Users/sajankafle/Desktop/project/sangalotech/.next/build/postcss.js
    [at Module._resolveFilename (node:internal/modules/cjs/loader:1475:15)]
    [at wrapResolveFilename (node:internal/modules/cjs/loader:1048:27)]
    [at defaultResolveImplForCJSLoading (node:internal/modules/cjs/loader:1072:10)]
    [at resolveForCJSWithHooks (node:internal/modules/cjs/loader:1093:12)]
    [at Module._load (node:internal/modules/cjs/loader:1261:25)]
    [at wrapModuleLoad (node:internal/modules/cjs/loader:255:19)]
    [at Module.require (node:internal/modules/cjs/loader:1575:12)]
    [at require (node:internal/modules/helpers:191:16)]
    [at Object.<anonymous> (/Users/sajankafle/Desktop/project/sangalotech/node_modules/lightningcss/node/index.js:22:22)]
    [at Module._compile (node:internal/modules/cjs/loader:1829:14)]

Import trace:
  Client Component Browser:
    ./node_modules/swiper/modules/effect-cards.css [Client Component Browser]
    ./src/components/Hero.tsx [Client Component Browser]
    ./src/components/Hero.tsx [Server Component]
    ./src/app/page.tsx [Server Component]


./node_modules/swiper/modules/navigation.css
Error evaluating Node.js code
Error: Cannot find module '../lightningcss.darwin-arm64.node'
Require stack:
- /Users/sajankafle/Desktop/project/sangalotech/node_modules/lightningcss/node/index.js
- /Users/sajankafle/Desktop/project/sangalotech/node_modules/@tailwindcss/node/dist/index.js
- /Users/sajankafle/Desktop/project/sangalotech/node_modules/@tailwindcss/postcss/dist/index.js
- /Users/sajankafle/Desktop/project/sangalotech/.next/build/chunks/[root-of-the-server]__51225daf._.js
- /Users/sajankafle/Desktop/project/sangalotech/.next/build/chunks/[turbopack]_runtime.js
- /Users/sajankafle/Desktop/project/sangalotech/.next/build/postcss.js
    [at Module._resolveFilename (node:internal/modules/cjs/loader:1475:15)]
    [at wrapResolveFilename (node:internal/modules/cjs/loader:1048:27)]
    [at defaultResolveImplForCJSLoading (node:internal/modules/cjs/loader:1072:10)]
    [at resolveForCJSWithHooks (node:internal/modules/cjs/loader:1093:12)]
    [at Module._load (node:internal/modules/cjs/loader:1261:25)]
    [at wrapModuleLoad (node:internal/modules/cjs/loader:255:19)]
    [at Module.require (node:internal/modules/cjs/loader:1575:12)]
    [at require (node:internal/modules/helpers:191:16)]
    [at Object.<anonymous> (/Users/sajankafle/Desktop/project/sangalotech/node_modules/lightningcss/node/index.js:22:22)]
    [at Module._compile (node:internal/modules/cjs/loader:1829:14)]

Import trace:
  Client Component Browser:
    ./node_modules/swiper/modules/navigation.css [Client Component Browser]
    ./src/components/Testimonials.tsx [Client Component Browser]
    ./src/components/Testimonials.tsx [Server Component]
    ./src/app/page.tsx [Server Component]


./node_modules/swiper/modules/pagination.css
Error evaluating Node.js code
Error: Cannot find module '../lightningcss.darwin-arm64.node'
Require stack:
- /Users/sajankafle/Desktop/project/sangalotech/node_modules/lightningcss/node/index.js
- /Users/sajankafle/Desktop/project/sangalotech/node_modules/@tailwindcss/node/dist/index.js
- /Users/sajankafle/Desktop/project/sangalotech/node_modules/@tailwindcss/postcss/dist/index.js
- /Users/sajankafle/Desktop/project/sangalotech/.next/build/chunks/[root-of-the-server]__51225daf._.js
- /Users/sajankafle/Desktop/project/sangalotech/.next/build/chunks/[turbopack]_runtime.js
- /Users/sajankafle/Desktop/project/sangalotech/.next/build/postcss.js
    [at Module._resolveFilename (node:internal/modules/cjs/loader:1475:15)]
    [at wrapResolveFilename (node:internal/modules/cjs/loader:1048:27)]
    [at defaultResolveImplForCJSLoading (node:internal/modules/cjs/loader:1072:10)]
    [at resolveForCJSWithHooks (node:internal/modules/cjs/loader:1093:12)]
    [at Module._load (node:internal/modules/cjs/loader:1261:25)]
    [at wrapModuleLoad (node:internal/modules/cjs/loader:255:19)]
    [at Module.require (node:internal/modules/cjs/loader:1575:12)]
    [at require (node:internal/modules/helpers:191:16)]
    [at Object.<anonymous> (/Users/sajankafle/Desktop/project/sangalotech/node_modules/lightningcss/node/index.js:22:22)]
    [at Module._compile (node:internal/modules/cjs/loader:1829:14)]

Import trace:
  Client Component Browser:
    ./node_modules/swiper/modules/pagination.css [Client Component Browser]
    ./src/components/VideoMarketplace.tsx [Client Component Browser]
    ./src/components/VideoMarketplace.tsx [Server Component]
    ./src/app/page.tsx [Server Component]


./node_modules/swiper/swiper.css
Error evaluating Node.js code
Error: Cannot find module '../lightningcss.darwin-arm64.node'
Require stack:
- /Users/sajankafle/Desktop/project/sangalotech/node_modules/lightningcss/node/index.js
- /Users/sajankafle/Desktop/project/sangalotech/node_modules/@tailwindcss/node/dist/index.js
- /Users/sajankafle/Desktop/project/sangalotech/node_modules/@tailwindcss/postcss/dist/index.js
- /Users/sajankafle/Desktop/project/sangalotech/.next/build/chunks/[root-of-the-server]__51225daf._.js
- /Users/sajankafle/Desktop/project/sangalotech/.next/build/chunks/[turbopack]_runtime.js
- /Users/sajankafle/Desktop/project/sangalotech/.next/build/postcss.js
    [at Module._resolveFilename (node:internal/modules/cjs/loader:1475:15)]
    [at wrapResolveFilename (node:internal/modules/cjs/loader:1048:27)]
    [at defaultResolveImplForCJSLoading (node:internal/modules/cjs/loader:1072:10)]
    [at resolveForCJSWithHooks (node:internal/modules/cjs/loader:1093:12)]
    [at Module._load (node:internal/modules/cjs/loader:1261:25)]
    [at wrapModuleLoad (node:internal/modules/cjs/loader:255:19)]
    [at Module.require (node:internal/modules/cjs/loader:1575:12)]
    [at require (node:internal/modules/helpers:191:16)]
    [at Object.<anonymous> (/Users/sajankafle/Desktop/project/sangalotech/node_modules/lightningcss/node/index.js:22:22)]
    [at Module._compile (node:internal/modules/cjs/loader:1829:14)]

Import trace:
  Client Component Browser:
    ./node_modules/swiper/swiper.css [Client Component Browser]
    ./src/components/VideoMarketplace.tsx [Client Component Browser]
    ./src/components/VideoMarketplace.tsx [Server Component]
    ./src/app/page.tsx [Server Component]


./src/app/globals.css
Error evaluating Node.js code
Error: Cannot find module '../lightningcss.darwin-arm64.node'
Require stack:
- /Users/sajankafle/Desktop/project/sangalotech/node_modules/lightningcss/node/index.js
- /Users/sajankafle/Desktop/project/sangalotech/node_modules/@tailwindcss/node/dist/index.js
- /Users/sajankafle/Desktop/project/sangalotech/node_modules/@tailwindcss/postcss/dist/index.js
- /Users/sajankafle/Desktop/project/sangalotech/.next/build/chunks/[root-of-the-server]__51225daf._.js
- /Users/sajankafle/Desktop/project/sangalotech/.next/build/chunks/[turbopack]_runtime.js
- /Users/sajankafle/Desktop/project/sangalotech/.next/build/postcss.js
    [at Module._resolveFilename (node:internal/modules/cjs/loader:1475:15)]
    [at wrapResolveFilename (node:internal/modules/cjs/loader:1048:27)]
    [at defaultResolveImplForCJSLoading (node:internal/modules/cjs/loader:1072:10)]
    [at resolveForCJSWithHooks (node:internal/modules/cjs/loader:1093:12)]
    [at Module._load (node:internal/modules/cjs/loader:1261:25)]
    [at wrapModuleLoad (node:internal/modules/cjs/loader:255:19)]
    [at Module.require (node:internal/modules/cjs/loader:1575:12)]
    [at require (node:internal/modules/helpers:191:16)]
    [at Object.<anonymous> (/Users/sajankafle/Desktop/project/sangalotech/node_modules/lightningcss/node/index.js:22:22)]
    [at Module._compile (node:internal/modules/cjs/loader:1829:14)]

Import trace:
  Client Component Browser:
    ./src/app/globals.css [Client Component Browser]
    ./src/app/layout.tsx [Server Component]


    at ignore-listed frames
